[demo.w3layouts.com/demos_new/20-03-2017/therapeutic-demo_Free/990954582/web/index.html]
[backblue.gif]
[fade.gif]
[index.html]
[demo.w3layouts.com/demos_new/20-03-2017/therapeutic-demo_Free/990954582/web/css/bootstrap.css]
[demo.w3layouts.com/demos_new/20-03-2017/therapeutic-demo_Free/990954582/web/css/style.css]
[demo.w3layouts.com/demos_new/20-03-2017/therapeutic-demo_Free/990954582/web/css/font-awesome.css]
[demo.w3layouts.com/demos_new/20-03-2017/therapeutic-demo_Free/990954582/web/css/jquery-ui.css]
[demo.w3layouts.com/demos_new/20-03-2017/therapeutic-demo_Free/990954582/web/css/wickedpicker.css]
[m.servedby-buysellads.com/monetization.js]
[demo.w3layouts.com/assests/css/font-awesome.min.css]
[demo.w3layouts.com/demos_new/20-03-2017/therapeutic-demo_Free/990954582/web/about.html]
[demo.w3layouts.com/demos_new/20-03-2017/therapeutic-demo_Free/990954582/web/codes.html]
[demo.w3layouts.com/demos_new/20-03-2017/therapeutic-demo_Free/990954582/web/icons.html]
[demo.w3layouts.com/demos_new/20-03-2017/therapeutic-demo_Free/990954582/web/gallery.html]
[demo.w3layouts.com/demos_new/20-03-2017/therapeutic-demo_Free/990954582/web/mail.html]
[demo.w3layouts.com/demos_new/20-03-2017/therapeutic-demo_Free/990954582/web/images/img1.jpg]
[demo.w3layouts.com/demos_new/20-03-2017/therapeutic-demo_Free/990954582/web/images/img2.jpg]
[demo.w3layouts.com/demos_new/20-03-2017/therapeutic-demo_Free/990954582/web/images/img3.jpg]
[demo.w3layouts.com/demos_new/20-03-2017/therapeutic-demo_Free/990954582/web/images/w1.jpg]
[demo.w3layouts.com/demos_new/20-03-2017/therapeutic-demo_Free/990954582/web/images/w2.jpg]
[demo.w3layouts.com/demos_new/20-03-2017/therapeutic-demo_Free/990954582/web/images/left-quotes.png]
[demo.w3layouts.com/demos_new/20-03-2017/therapeutic-demo_Free/990954582/web/images/right-quotes.png]
[demo.w3layouts.com/demos_new/20-03-2017/therapeutic-demo_Free/990954582/web/images/tt2.jpg]
[demo.w3layouts.com/demos_new/20-03-2017/therapeutic-demo_Free/990954582/web/images/tt1.jpg]
[demo.w3layouts.com/demos_new/20-03-2017/therapeutic-demo_Free/990954582/web/images/tt3.jpg]
[demo.w3layouts.com/demos_new/20-03-2017/therapeutic-demo_Free/990954582/web/single.html]
[demo.w3layouts.com/demos_new/20-03-2017/therapeutic-demo_Free/990954582/web/js/jquery-2.1.4.min.js]
[demo.w3layouts.com/demos_new/20-03-2017/therapeutic-demo_Free/990954582/web/js/bootstrap.js]
[demo.w3layouts.com/demos_new/20-03-2017/therapeutic-demo_Free/990954582/web/js/responsiveslides.min.js]
[demo.w3layouts.com/demos_new/20-03-2017/therapeutic-demo_Free/990954582/web/js/jquery-ui.js]
[demo.w3layouts.com/demos_new/20-03-2017/therapeutic-demo_Free/990954582/web/js/wickedpicker.js]
[demo.w3layouts.com/demos_new/20-03-2017/therapeutic-demo_Free/990954582/web/js/jarallax.js]
[demo.w3layouts.com/demos_new/20-03-2017/therapeutic-demo_Free/990954582/web/js/SmoothScroll.min.js]
[demo.w3layouts.com/demos_new/20-03-2017/therapeutic-demo_Free/990954582/web/css/owl.carousel.css]
[demo.w3layouts.com/demos_new/20-03-2017/therapeutic-demo_Free/990954582/web/js/owl.carousel.js]
[demo.w3layouts.com/demos_new/20-03-2017/therapeutic-demo_Free/990954582/web/index.html]
[fonts.googleapis.com/css58c8.css]
[fonts.googleapis.com/cssecb6.css]
[demo.w3layouts.com/demos_new/20-03-2017/therapeutic-demo_Free/990954582/web/images/t1.jpg]
[demo.w3layouts.com/demos_new/20-03-2017/therapeutic-demo_Free/990954582/web/images/t2.jpg]
[demo.w3layouts.com/demos_new/20-03-2017/therapeutic-demo_Free/990954582/web/images/t3.jpg]
[demo.w3layouts.com/demos_new/20-03-2017/therapeutic-demo_Free/990954582/web/images/t4.jpg]
[demo.w3layouts.com/demos_new/20-03-2017/therapeutic-demo_Free/990954582/web/images/ne1.jpg]
[demo.w3layouts.com/demos_new/20-03-2017/therapeutic-demo_Free/990954582/web/images/ne2.jpg]
[demo.w3layouts.com/demos_new/20-03-2017/therapeutic-demo_Free/990954582/web/about.html]
[demo.w3layouts.com/demos_new/20-03-2017/therapeutic-demo_Free/990954582/web/codes.html]
[demo.w3layouts.com/demos_new/20-03-2017/therapeutic-demo_Free/990954582/web/icons.html]
[demo.w3layouts.com/demos_new/20-03-2017/therapeutic-demo_Free/990954582/web/css/cm-overlay.css]
[demo.w3layouts.com/demos_new/20-03-2017/therapeutic-demo_Free/990954582/web/images/1.jpg]
[demo.w3layouts.com/demos_new/20-03-2017/therapeutic-demo_Free/990954582/web/images/2.jpg]
[demo.w3layouts.com/demos_new/20-03-2017/therapeutic-demo_Free/990954582/web/images/3.jpg]
[demo.w3layouts.com/demos_new/20-03-2017/therapeutic-demo_Free/990954582/web/images/4.jpg]
[demo.w3layouts.com/demos_new/20-03-2017/therapeutic-demo_Free/990954582/web/images/5.jpg]
[demo.w3layouts.com/demos_new/20-03-2017/therapeutic-demo_Free/990954582/web/images/6.jpg]
[demo.w3layouts.com/demos_new/20-03-2017/therapeutic-demo_Free/990954582/web/images/7.jpg]
[demo.w3layouts.com/demos_new/20-03-2017/therapeutic-demo_Free/990954582/web/images/8.jpg]
[demo.w3layouts.com/demos_new/20-03-2017/therapeutic-demo_Free/990954582/web/images/9.jpg]
[demo.w3layouts.com/demos_new/20-03-2017/therapeutic-demo_Free/990954582/web/js/jquery.tools.min.js]
[demo.w3layouts.com/demos_new/20-03-2017/therapeutic-demo_Free/990954582/web/js/jquery.mobile.custom.min.js]
[demo.w3layouts.com/demos_new/20-03-2017/therapeutic-demo_Free/990954582/web/js/jquery.cm-overlay.js]
[demo.w3layouts.com/demos_new/20-03-2017/therapeutic-demo_Free/990954582/web/gallery.html]
[demo.w3layouts.com/demos_new/20-03-2017/therapeutic-demo_Free/990954582/web/mail.html]
[demo.w3layouts.com/demos_new/20-03-2017/therapeutic-demo_Free/990954582/web/single.html]
[demo.w3layouts.com/demos_new/20-03-2017/therapeutic-demo_Free/990954582/web/images/single.jpg]
[m.servedby-buysellads.com/monetization.js]
[demo.w3layouts.com/demos_new/20-03-2017/therapeutic-demo_Free/990954582/web/fonts/glyphicons-halflings-regular.eot]
[demo.w3layouts.com/demos_new/20-03-2017/therapeutic-demo_Free/990954582/web/fonts/glyphicons-halflings-regulard41d.eot]
[demo.w3layouts.com/demos_new/20-03-2017/therapeutic-demo_Free/990954582/web/fonts/glyphicons-halflings-regular.woff2]
[demo.w3layouts.com/demos_new/20-03-2017/therapeutic-demo_Free/990954582/web/fonts/glyphicons-halflings-regular.woff]
[demo.w3layouts.com/demos_new/20-03-2017/therapeutic-demo_Free/990954582/web/fonts/glyphicons-halflings-regular.ttf]
[demo.w3layouts.com/demos_new/20-03-2017/therapeutic-demo_Free/990954582/web/css/bootstrap.css]
[demo.w3layouts.com/demos_new/20-03-2017/therapeutic-demo_Free/990954582/web/fonts/glyphicons-halflings-regular.svg]
[demo.w3layouts.com/demos_new/20-03-2017/therapeutic-demo_Free/990954582/web/images/bg1.jpg]
[demo.w3layouts.com/demos_new/20-03-2017/therapeutic-demo_Free/990954582/web/images/left.png]
[demo.w3layouts.com/demos_new/20-03-2017/therapeutic-demo_Free/990954582/web/images/right.png]
[demo.w3layouts.com/demos_new/20-03-2017/therapeutic-demo_Free/990954582/web/images/tes.jpg]
[demo.w3layouts.com/demos_new/20-03-2017/therapeutic-demo_Free/990954582/web/images/banner.jpg]
[demo.w3layouts.com/demos_new/20-03-2017/therapeutic-demo_Free/990954582/web/images/55.jpg]
[demo.w3layouts.com/demos_new/20-03-2017/therapeutic-demo_Free/990954582/web/images/arrow.png]
[demo.w3layouts.com/demos_new/20-03-2017/therapeutic-demo_Free/990954582/web/css/style.css]
[demo.w3layouts.com/demos_new/20-03-2017/therapeutic-demo_Free/990954582/web/fonts/fontawesome-webfont5b62.eot]
[demo.w3layouts.com/demos_new/20-03-2017/therapeutic-demo_Free/990954582/web/fonts/fontawesome-webfontd41d.eot]
[demo.w3layouts.com/demos_new/20-03-2017/therapeutic-demo_Free/990954582/web/fonts/fontawesome-webfont5b62.woff2]
[demo.w3layouts.com/demos_new/20-03-2017/therapeutic-demo_Free/990954582/web/fonts/fontawesome-webfont5b62.woff]
[demo.w3layouts.com/demos_new/20-03-2017/therapeutic-demo_Free/990954582/web/fonts/fontawesome-webfont5b62.ttf]
[demo.w3layouts.com/demos_new/20-03-2017/therapeutic-demo_Free/990954582/web/css/font-awesome.css]
[demo.w3layouts.com/demos_new/20-03-2017/therapeutic-demo_Free/990954582/web/fonts/fontawesome-webfont5b62.svg]
[demo.w3layouts.com/demos_new/20-03-2017/therapeutic-demo_Free/990954582/web/images/c-arrows.png]
[demo.w3layouts.com/demos_new/20-03-2017/therapeutic-demo_Free/990954582/web/css/ui-bg_glass_65_ffffff_1x400.png]
[demo.w3layouts.com/demos_new/20-03-2017/therapeutic-demo_Free/990954582/web/css/ui-bg_glass_95_fef1ec_1x400.png]
[demo.w3layouts.com/demos_new/20-03-2017/therapeutic-demo_Free/990954582/web/css/ui-bg_flat_0_aaaaaa_40x100.png]
[demo.w3layouts.com/demos_new/20-03-2017/therapeutic-demo_Free/990954582/web/css/jquery-ui.css]
[demo.w3layouts.com/demos_new/20-03-2017/therapeutic-demo_Free/990954582/web/fonts/fontelloba04.eot]
[demo.w3layouts.com/demos_new/20-03-2017/therapeutic-demo_Free/990954582/web/fonts/fontelloba04.woff]
[demo.w3layouts.com/demos_new/20-03-2017/therapeutic-demo_Free/990954582/web/fonts/fontelloba04.ttf]
[demo.w3layouts.com/demos_new/20-03-2017/therapeutic-demo_Free/990954582/web/fonts/fontelloba04.svg]
[demo.w3layouts.com/demos_new/20-03-2017/therapeutic-demo_Free/990954582/web/css/wickedpicker.css]
[demo.w3layouts.com/assests/css/font-awesome.min.css]
[demo.w3layouts.com/assests/fonts/fontawesome-webfont3e6e.svg]
[demo.w3layouts.com/demos_new/20-03-2017/therapeutic-demo_Free/990954582/web/single.html]
[demo.w3layouts.com/demos_new/20-03-2017/therapeutic-demo_Free/990954582/web/images/pagnate.png]
[demo.w3layouts.com/demos_new/20-03-2017/therapeutic-demo_Free/990954582/web/css/AjaxLoader.gif]
[demo.w3layouts.com/demos_new/20-03-2017/therapeutic-demo_Free/990954582/web/css/grabbing.png]
[demo.w3layouts.com/demos_new/20-03-2017/therapeutic-demo_Free/990954582/web/css/owl.carousel.css]
[demo.w3layouts.com/demos_new/20-03-2017/therapeutic-demo_Free/990954582/web/images/close.png]
[demo.w3layouts.com/demos_new/20-03-2017/therapeutic-demo_Free/990954582/web/images/prev.png]
[demo.w3layouts.com/demos_new/20-03-2017/therapeutic-demo_Free/990954582/web/images/next.png]
[demo.w3layouts.com/demos_new/20-03-2017/therapeutic-demo_Free/990954582/web/css/cm-overlay.css]
[demo.w3layouts.com/demos_new/20-03-2017/therapeutic-demo_Free/990954582/web/fonts/glyphicons-halflings-regular.svg]
[demo.w3layouts.com/demos_new/20-03-2017/therapeutic-demo_Free/990954582/web/images/left.html]
[demo.w3layouts.com/demos_new/20-03-2017/therapeutic-demo_Free/990954582/web/images/right.html]
[demo.w3layouts.com/demos_new/20-03-2017/therapeutic-demo_Free/990954582/web/images/banner.html]
[demo.w3layouts.com/demos_new/20-03-2017/therapeutic-demo_Free/990954582/web/images/arrow.html]
[demo.w3layouts.com/demos_new/20-03-2017/therapeutic-demo_Free/990954582/web/fonts/fontawesome-webfont5b62.svg]
[demo.w3layouts.com/demos_new/20-03-2017/therapeutic-demo_Free/990954582/web/css/ui-bg_glass_65_ffffff_1x400.html]
[demo.w3layouts.com/demos_new/20-03-2017/therapeutic-demo_Free/990954582/web/css/ui-bg_glass_95_fef1ec_1x400.html]
[demo.w3layouts.com/demos_new/20-03-2017/therapeutic-demo_Free/990954582/web/css/ui-bg_flat_0_aaaaaa_40x100.html]
[demo.w3layouts.com/demos_new/20-03-2017/therapeutic-demo_Free/990954582/web/fonts/fontelloba04.svg]
[demo.w3layouts.com/assests/fonts/fontawesome-webfont3e6e.svg]
[demo.w3layouts.com/demos_new/20-03-2017/therapeutic-demo_Free/990954582/web/images/pagnate.html]
[demo.w3layouts.com/demos_new/20-03-2017/therapeutic-demo_Free/990954582/web/css/AjaxLoader.html]
[demo.w3layouts.com/demos_new/20-03-2017/therapeutic-demo_Free/990954582/web/css/grabbing.html]
